============================= test session starts =============================
platform win32 -- Python 3.13.9, pytest-9.0.2, pluggy-1.5.0
rootdir: C:\Users\haree\OneDrive\Desktop\Project1
plugins: dash-3.3.0
collected 0 items / 1 error

=================================== ERRORS ====================================
_____________________ ERROR collecting tests/test_core.py _____________________
ImportError while importing test module 'C:\Users\haree\OneDrive\Desktop\Project1\tests\test_core.py'.
Hint: make sure your test modules/packages have valid Python names.
Traceback:
..\..\..\miniconda3\Lib\importlib\__init__.py:88: in import_module
    return _bootstrap._gcd_import(name[level:], package, level)
           ^^^^^^^^^^^^^^^^^^^^^^^^^^^^^^^^^^^^^^^^^^^^^^^^^^^^
tests\test_core.py:4: in <module>
    from app.data_manager import generate_synthetic_data
E   ModuleNotFoundError: No module named 'app'
=========================== short test summary info ===========================
ERROR tests/test_core.py
!!!!!!!!!!!!!!!!!!! Interrupted: 1 error during collection !!!!!!!!!!!!!!!!!!!!
============================== 1 error in 0.56s ===============================
